{
	"data": {
		"node": {
			"id": "REPO_1",
			"name": "repo1",
			"createdAt": "2022-12-30T00:12:21Z",
			"owner": {
				"name": "hsaki",
				"id": "U_1"
			}
		}
	}
}